{
    "status": "success",
    "message": "NIDA verified"
}
